// Jest Snapshot v1, https://goo.gl/fbAQLP

exports[`Shallow Snapshot Tests basic 1`] = `
<div
  className="container"
>
  <div
    className="sidebar"
  >
    <Card
      minHeight="calc(100vh - 48px)"
    >
      sidebar
    </Card>
  </div>
  <div
    className="main"
  >
    <Card
      radius={true}
    >
      children
    </Card>
  </div>
</div>
`;
